
> 0mega@0.1.0 lint
> eslint


D:\Documents\Projects\omega\app\api\automation\status\route.ts
   83:17  error  Unexpected any. Specify a different type  @typescript-eslint/no-explicit-any
  143:17  error  Unexpected any. Specify a different type  @typescript-eslint/no-explicit-any

D:\Documents\Projects\omega\app\api\automation\tick\route.ts
  20:17  error  Unexpected any. Specify a different type  @typescript-eslint/no-explicit-any

D:\Documents\Projects\omega\app\api\debug\alpaca\route.ts
   8:32  error  Unexpected any. Specify a different type  @typescript-eslint/no-explicit-any
  57:19  error  Unexpected any. Specify a different type  @typescript-eslint/no-explicit-any
  80:21  error  Unexpected any. Specify a different type  @typescript-eslint/no-explicit-any
  94:17  error  Unexpected any. Specify a different type  @typescript-eslint/no-explicit-any

D:\Documents\Projects\omega\app\api\debug\backtest\route.ts
  2:10  warning  'putCandles' is defined but never used  @typescript-eslint/no-unused-vars

D:\Documents\Projects\omega\app\api\debug\binance\route.ts
  19:17  error  Unexpected any. Specify a different type  @typescript-eslint/no-explicit-any

D:\Documents\Projects\omega\app\api\engine\tick\route.ts
  17:17  error  Unexpected any. Specify a different type  @typescript-eslint/no-explicit-any

D:\Documents\Projects\omega\app\api\notifications\register\route.ts
  5:11  warning  'body' is assigned a value but never used  @typescript-eslint/no-unused-vars

D:\Documents\Projects\omega\app\api\prices\crypto\[symbol]\route.ts
  10:7  error  'pair' is never reassigned. Use 'const' instead  prefer-const

D:\Documents\Projects\omega\app\api\prices\forex\[pair]\route.ts
  4:18  error  Unexpected any. Specify a different type  @typescript-eslint/no-explicit-any

D:\Documents\Projects\omega\app\api\prices\stocks\[symbol]\route.ts
  4:18  error  Unexpected any. Specify a different type  @typescript-eslint/no-explicit-any

D:\Documents\Projects\omega\app\api\trading\history\route.ts
    8:15  error  Unexpected any. Specify a different type  @typescript-eslint/no-explicit-any
   10:17  error  Unexpected any. Specify a different type  @typescript-eslint/no-explicit-any
  106:35  error  Unexpected any. Specify a different type  @typescript-eslint/no-explicit-any
  164:17  error  Unexpected any. Specify a different type  @typescript-eslint/no-explicit-any

D:\Documents\Projects\omega\app\api\trading\open\route.ts
   89:26  error  Unexpected any. Specify a different type  @typescript-eslint/no-explicit-any
  118:17  error  Unexpected any. Specify a different type  @typescript-eslint/no-explicit-any

D:\Documents\Projects\omega\app\api\trading\pnl-summary\route.ts
  52:17  error  Unexpected any. Specify a different type  @typescript-eslint/no-explicit-any

D:\Documents\Projects\omega\app\automation\AutomationStatusClient.tsx
  53:5  error  Error: Calling setState synchronously within an effect can trigger cascading renders

Effects are intended to synchronize state between React and external systems such as manually updating the DOM, state management libraries, or other platform APIs. In general, the body of an effect should do one or both of the following:
* Update external systems with the latest state from React.
* Subscribe for updates from some external system, calling setState in a callback function when external state changes.

Calling setState synchronously within an effect body causes cascading renders that can hurt performance, and is not recommended. (https://react.dev/learn/you-might-not-need-an-effect).

D:\Documents\Projects\omega\app\automation\AutomationStatusClient.tsx:53:5
  51 |
  52 |   useEffect(() => {
> 53 |     loadStatus();
     |     ^^^^^^^^^^ Avoid calling setState() directly within an effect
  54 |     const id = setInterval(loadStatus, 5000);
  55 |     return () => clearInterval(id);
  56 |   }, []);  react-hooks/set-state-in-effect

D:\Documents\Projects\omega\app\utils\usePersistentState.ts
  13:9  error  Error: Calling setState synchronously within an effect can trigger cascading renders

Effects are intended to synchronize state between React and external systems such as manually updating the DOM, state management libraries, or other platform APIs. In general, the body of an effect should do one or both of the following:
* Update external systems with the latest state from React.
* Subscribe for updates from some external system, calling setState in a callback function when external state changes.

Calling setState synchronously within an effect body causes cascading renders that can hurt performance, and is not recommended. (https://react.dev/learn/you-might-not-need-an-effect).

D:\Documents\Projects\omega\app\utils\usePersistentState.ts:13:9
  11 |       const stored = localStorage.getItem(key);
  12 |       if (stored !== null) {
> 13 |         setValue(JSON.parse(stored) as T);
     |         ^^^^^^^^ Avoid calling setState() directly within an effect
  14 |       }
  15 |     } catch {}
  16 |  react-hooks/set-state-in-effect

D:\Documents\Projects\omega\components\charts\DrawdownChart.tsx
  89:34  error  Unexpected any. Specify a different type  @typescript-eslint/no-explicit-any
  95:30  error  Unexpected any. Specify a different type  @typescript-eslint/no-explicit-any

D:\Documents\Projects\omega\components\charts\PerformanceChart.tsx
  118:30  error  Unexpected any. Specify a different type  @typescript-eslint/no-explicit-any

D:\Documents\Projects\omega\components\dashboard\TradeHistoryWidget.tsx
   65:5   error    Error: Calling setState synchronously within an effect can trigger cascading renders

Effects are intended to synchronize state between React and external systems such as manually updating the DOM, state management libraries, or other platform APIs. In general, the body of an effect should do one or both of the following:
* Update external systems with the latest state from React.
* Subscribe for updates from some external system, calling setState in a callback function when external state changes.

Calling setState synchronously within an effect body causes cascading renders that can hurt performance, and is not recommended. (https://react.dev/learn/you-might-not-need-an-effect).

D:\Documents\Projects\omega\components\dashboard\TradeHistoryWidget.tsx:65:5
  63 |   useEffect(() => {
  64 |     if (!dashboard?.tradeHistory) return;
> 65 |     setItems(dashboard.tradeHistory as Trade[]);
     |     ^^^^^^^^ Avoid calling setState() directly within an effect
  66 |   }, [dashboard]);
  67 |
  68 |   /* ---------------------------------------  react-hooks/set-state-in-effect
  114:6   warning  React Hook useEffect has a missing dependency: 'loadMore'. Either include it or remove the dependency array                                                                                                                                                                                                                                                                                                                                                                                                                                                                                                                                                                                                                                                                                                                                                                                                                                                                                                                                                                                      react-hooks/exhaustive-deps
  161:42  error    Unexpected any. Specify a different type                                                                                                                                                                                                                                                                                                                                                                                                                                                                                                                                                                                                                                                                                                                                                                                                                                                                                                                                                                                                                                                         @typescript-eslint/no-explicit-any
  168:50  error    Unexpected any. Specify a different type                                                                                                                                                                                                                                                                                                                                                                                                                                                                                                                                                                                                                                                                                                                                                                                                                                                                                                                                                                                                                                                         @typescript-eslint/no-explicit-any
  238:36  error    Unexpected any. Specify a different type                                                                                                                                                                                                                                                                                                                                                                                                                                                                                                                                                                                                                                                                                                                                                                                                                                                                                                                                                                                                                                                         @typescript-eslint/no-explicit-any
  251:28  error    Unexpected any. Specify a different type                                                                                                                                                                                                                                                                                                                                                                                                                                                                                                                                                                                                                                                                                                                                                                                                                                                                                                                                                                                                                                                         @typescript-eslint/no-explicit-any
  257:32  error    Unexpected any. Specify a different type                                                                                                                                                                                                                                                                                                                                                                                                                                                                                                                                                                                                                                                                                                                                                                                                                                                                                                                                                                                                                                                         @typescript-eslint/no-explicit-any
  257:56  error    Unexpected any. Specify a different type                                                                                                                                                                                                                                                                                                                                                                                                                                                                                                                                                                                                                                                                                                                                                                                                                                                                                                                                                                                                                                                         @typescript-eslint/no-explicit-any

D:\Documents\Projects\omega\components\trade-history\WinRateCard.tsx
  3:59  error  Unexpected any. Specify a different type  @typescript-eslint/no-explicit-any

D:\Documents\Projects\omega\hooks\useDashboard.ts
  29:16  error  Unexpected any. Specify a different type              @typescript-eslint/no-explicit-any
  30:18  error  Unexpected any. Specify a different type              @typescript-eslint/no-explicit-any
  55:5   error  'listeners' is never reassigned. Use 'const' instead  prefer-const

D:\Documents\Projects\omega\hooks\useLocalSettings.ts
  35:9  error  Error: Calling setState synchronously within an effect can trigger cascading renders

Effects are intended to synchronize state between React and external systems such as manually updating the DOM, state management libraries, or other platform APIs. In general, the body of an effect should do one or both of the following:
* Update external systems with the latest state from React.
* Subscribe for updates from some external system, calling setState in a callback function when external state changes.

Calling setState synchronously within an effect body causes cascading renders that can hurt performance, and is not recommended. (https://react.dev/learn/you-might-not-need-an-effect).

D:\Documents\Projects\omega\hooks\useLocalSettings.ts:35:9
  33 |       if (raw) {
  34 |         const parsed = JSON.parse(raw);
> 35 |         setSettings({ ...DEFAULTS, ...parsed });
     |         ^^^^^^^^^^^ Avoid calling setState() directly within an effect
  36 |       }
  37 |     } catch {}
  38 |  react-hooks/set-state-in-effect

D:\Documents\Projects\omega\lib\backtest\metrics.ts
  55:9  warning  Expected an assignment or function call and instead saw an expression  @typescript-eslint/no-unused-expressions

D:\Documents\Projects\omega\lib\backtest\replay.ts
  19:33  error  Unexpected any. Specify a different type  @typescript-eslint/no-explicit-any

D:\Documents\Projects\omega\lib\brokers\adapters\alpaca.adapter.ts
  21:20  warning  'params' is defined but never used  @typescript-eslint/no-unused-vars

D:\Documents\Projects\omega\lib\brokers\adapters\binance.adapter.ts
  20:20  warning  'params' is defined but never used  @typescript-eslint/no-unused-vars

D:\Documents\Projects\omega\lib\brokers\adapters\forex.adapter.ts
  1:25  warning  'Market' is defined but never used  @typescript-eslint/no-unused-vars

D:\Documents\Projects\omega\lib\brokers\paperBroker.ts
  16:20  warning  'symbol' is defined but never used  @typescript-eslint/no-unused-vars
  16:36  warning  'qty' is defined but never used     @typescript-eslint/no-unused-vars
  16:49  warning  'side' is defined but never used    @typescript-eslint/no-unused-vars

D:\Documents\Projects\omega\lib\brokers\router.ts
  32:21  error  Unexpected any. Specify a different type  @typescript-eslint/no-explicit-any

D:\Documents\Projects\omega\lib\engine\priceLoop.ts
  50:3  warning  Unused eslint-disable directive (no problems were reported from 'no-var')
  52:3  warning  Unused eslint-disable directive (no problems were reported from 'no-var')

D:\Documents\Projects\omega\lib\engine\risk\dailyRisk.ts
  40:54  warning  'maxDailyLoss' is defined but never used  @typescript-eslint/no-unused-vars

D:\Documents\Projects\omega\lib\engine\risk\forexLevels.ts
  1:23  warning  'priceToPips' is defined but never used  @typescript-eslint/no-unused-vars

D:\Documents\Projects\omega\lib\engine\runEngine.ts
   25:11  error  Unexpected any. Specify a different type  @typescript-eslint/no-explicit-any
   55:38  error  Unexpected any. Specify a different type  @typescript-eslint/no-explicit-any
  170:36  error  Unexpected any. Specify a different type  @typescript-eslint/no-explicit-any
  200:37  error  Unexpected any. Specify a different type  @typescript-eslint/no-explicit-any

D:\Documents\Projects\omega\lib\metrics.ts
  37:29  error  Unexpected any. Specify a different type  @typescript-eslint/no-explicit-any
  40:31  error  Unexpected any. Specify a different type  @typescript-eslint/no-explicit-any
  45:15  error  Unexpected any. Specify a different type  @typescript-eslint/no-explicit-any

D:\Documents\Projects\omega\lib\prices\crypto.ts
  22:3  warning  '_timeframe' is defined but never used  @typescript-eslint/no-unused-vars

D:\Documents\Projects\omega\lib\prices\forex.ts
   71:19  error  Unexpected any. Specify a different type  @typescript-eslint/no-explicit-any
  102:65  error  Unexpected any. Specify a different type  @typescript-eslint/no-explicit-any
  122:21  error  Unexpected any. Specify a different type  @typescript-eslint/no-explicit-any

D:\Documents\Projects\omega\lib\rateLimitCache.ts
   2:10  error  Unexpected any. Specify a different type  @typescript-eslint/no-explicit-any
  27:47  error  Unexpected any. Specify a different type  @typescript-eslint/no-explicit-any

D:\Documents\Projects\omega\lib\trading\automation\reconcile.ts
  13:44  error  Unexpected any. Specify a different type  @typescript-eslint/no-explicit-any

D:\Documents\Projects\omega\lib\trading\compliance\halaalGate.ts
  9:42  error  Unexpected any. Specify a different type  @typescript-eslint/no-explicit-any

D:\Documents\Projects\omega\lib\trading\risk\riskGate.ts
  218:17  error  Unexpected any. Specify a different type  @typescript-eslint/no-explicit-any

D:\Documents\Projects\omega\postcss.config.mjs
  1:1  warning  Assign object to a variable before exporting as module default  import/no-anonymous-default-export

D:\Documents\Projects\omega\providers\execution\PaperBroker.ts
  11:10  warning  'opposite' is defined but never used  @typescript-eslint/no-unused-vars
  44:5   warning  'side' is defined but never used      @typescript-eslint/no-unused-vars

D:\Documents\Projects\omega\providers\execution\alpaca.ts
  11:5   warning  'symbol' is defined but never used   @typescript-eslint/no-unused-vars
  12:5   warning  'qty' is defined but never used      @typescript-eslint/no-unused-vars
  13:5   warning  'side' is defined but never used     @typescript-eslint/no-unused-vars
  18:20  warning  'tradeId' is defined but never used  @typescript-eslint/no-unused-vars
  18:37  warning  'qty' is defined but never used      @typescript-eslint/no-unused-vars
  33:20  warning  'symbol' is defined but never used   @typescript-eslint/no-unused-vars

D:\Documents\Projects\omega\scripts\generate-vapid.ts
  1:17  error  A `require()` style import is forbidden  @typescript-eslint/no-require-imports

D:\Documents\Projects\omega\types\chance.d.ts
  2:17  error  Unexpected any. Specify a different type  @typescript-eslint/no-explicit-any

D:\Documents\Projects\omega\types\web-push.d.ts
  58:40  error  Unexpected any. Specify a different type  @typescript-eslint/no-explicit-any
  61:16  error  Unexpected any. Specify a different type  @typescript-eslint/no-explicit-any

✖ 81 problems (57 errors, 24 warnings)
  2 errors and 2 warnings potentially fixable with the `--fix` option.

